// Jest Snapshot v1, https://goo.gl/fbAQLP

exports[`<FileField> should render component with default props 1`] = `
<div>
  <div
    class="file-field"
  >
    <div
      class="file-field__content text-center"
    >
      <img
        class="file-field__content__image file-field__content__image--is-default"
        height="164"
        src="https://cdn.mesalva.com/uploads/image/MjAyMi0wNS0xNiAxOTozNDozMiArMDAwMDQ5NTY5MQ%3D%3D%0A.png"
      />
      <h5
        class="heading heading--size-xs"
      >
        Toque para escolher um arquivo
      </h5>
    </div>
    <input
      class="file-input"
      data-testid="file-input"
      type="file"
    />
  </div>
</div>
`;
