// Jest Snapshot v1, https://goo.gl/fbAQLP

exports[`<FileField> should accept files with extensions allowed 1`] = `
<div>
  <div
    class="file-field"
  >
    <div
      class="file-field__content"
    >
      <img
        class="file-field__content__image file-field__content__image--is-file"
      />
      <span
        class="caption file-field__content__name"
      >
        file.png
      </span>
      <button
        class="btn btn--neutral btn--size-md toggle-btn file-field__content__remove-button toggle-btn--variant-text"
        data-testid="remove-file-button"
        type="button"
      >
        <span
          class="icon btn__icon"
          data-name="x"
          data-testid="x"
        >
          <svg
            fill="none"
            height="24"
            stroke="currentColor"
            stroke-linecap="round"
            stroke-linejoin="round"
            stroke-width="2"
            viewBox="0 0 24 24"
            width="24"
            xmlns="http://www.w3.org/2000/svg"
          >
            <line
              x1="18"
              x2="6"
              y1="6"
              y2="18"
            />
            <line
              x1="6"
              x2="18"
              y1="6"
              y2="18"
            />
          </svg>
        </span>
      </button>
    </div>
    <input
      class="file-input"
      data-testid="file-input"
      type="file"
    />
  </div>
</div>
`;

exports[`<FileField> should render component with default props 1`] = `
<div>
  <div
    class="file-field"
  >
    <div
      class="file-field__content text-center"
    >
      <img
        class="file-field__content__image file-field__content__image--is-default"
        height="164"
        src="https://cdn.mesalva.com/uploads/image/MjAyMi0wNS0xNiAxOTozNDozMiArMDAwMDQ5NTY5MQ%3D%3D%0A.png"
      />
      <h5
        class="heading heading--size-xs"
      >
        Toque para escolher um arquivo
      </h5>
    </div>
    <input
      class="file-input"
      data-testid="file-input"
      type="file"
    />
  </div>
</div>
`;
