// Jest Snapshot v1, https://goo.gl/fbAQLP

exports[`<ConsoleListItem> should render component 1`] = `
Object {
  "asFragment": [Function],
  "baseElement": <body>
    <div>
      <div
        class="console-list-item"
        data-testid="console-list-item"
      >
        <div
          class="console-list-item__icon-container"
        >
          <span
            class="icon"
            data-testid="edit"
          >
            <svg
              fill="none"
              height="24"
              viewBox="0 0 24 24"
              width="24"
              xmlns="http://www.w3.org/2000/svg"
            >
              <path
                clip-rule="evenodd"
                d="M16.66 4.59998L19.4 7.33998C20.166 8.06975 20.1973 9.28164 19.47 10.05L10.47 19.05C10.144 19.3732 9.71679 19.5745 9.26 19.62L5.09 20H5C4.73419 20.0015 4.47872 19.8972 4.29 19.71C4.07903 19.4998 3.97272 19.2065 4 18.91L4.43 14.74C4.4755 14.2832 4.67676 13.8559 5 13.53L14 4.52998C14.7758 3.87453 15.9197 3.90464 16.66 4.59998ZM13.32 7.99998L16 10.68L18 8.72998L15.27 5.99998L13.32 7.99998Z"
                fill="currentColor"
                fill-rule="evenodd"
              />
            </svg>
          </span>
        </div>
        <div
          class="console-list-item__content"
        >
          <h2
            class="text text--size-md"
          >
            any_title
          </h2>
          <span
            class="caption console-list-item__subtitle"
          >
            any_subtitle
          </span>
        </div>
      </div>
    </div>
  </body>,
  "container": <div>
    <div
      class="console-list-item"
      data-testid="console-list-item"
    >
      <div
        class="console-list-item__icon-container"
      >
        <span
          class="icon"
          data-testid="edit"
        >
          <svg
            fill="none"
            height="24"
            viewBox="0 0 24 24"
            width="24"
            xmlns="http://www.w3.org/2000/svg"
          >
            <path
              clip-rule="evenodd"
              d="M16.66 4.59998L19.4 7.33998C20.166 8.06975 20.1973 9.28164 19.47 10.05L10.47 19.05C10.144 19.3732 9.71679 19.5745 9.26 19.62L5.09 20H5C4.73419 20.0015 4.47872 19.8972 4.29 19.71C4.07903 19.4998 3.97272 19.2065 4 18.91L4.43 14.74C4.4755 14.2832 4.67676 13.8559 5 13.53L14 4.52998C14.7758 3.87453 15.9197 3.90464 16.66 4.59998ZM13.32 7.99998L16 10.68L18 8.72998L15.27 5.99998L13.32 7.99998Z"
              fill="currentColor"
              fill-rule="evenodd"
            />
          </svg>
        </span>
      </div>
      <div
        class="console-list-item__content"
      >
        <h2
          class="text text--size-md"
        >
          any_title
        </h2>
        <span
          class="caption console-list-item__subtitle"
        >
          any_subtitle
        </span>
      </div>
    </div>
  </div>,
  "debug": [Function],
  "findAllByAltText": [Function],
  "findAllByDisplayValue": [Function],
  "findAllByLabelText": [Function],
  "findAllByPlaceholderText": [Function],
  "findAllByRole": [Function],
  "findAllByTestId": [Function],
  "findAllByText": [Function],
  "findAllByTitle": [Function],
  "findByAltText": [Function],
  "findByDisplayValue": [Function],
  "findByLabelText": [Function],
  "findByPlaceholderText": [Function],
  "findByRole": [Function],
  "findByTestId": [Function],
  "findByText": [Function],
  "findByTitle": [Function],
  "getAllByAltText": [Function],
  "getAllByDisplayValue": [Function],
  "getAllByLabelText": [Function],
  "getAllByPlaceholderText": [Function],
  "getAllByRole": [Function],
  "getAllByTestId": [Function],
  "getAllByText": [Function],
  "getAllByTitle": [Function],
  "getByAltText": [Function],
  "getByDisplayValue": [Function],
  "getByLabelText": [Function],
  "getByPlaceholderText": [Function],
  "getByRole": [Function],
  "getByTestId": [Function],
  "getByText": [Function],
  "getByTitle": [Function],
  "queryAllByAltText": [Function],
  "queryAllByDisplayValue": [Function],
  "queryAllByLabelText": [Function],
  "queryAllByPlaceholderText": [Function],
  "queryAllByRole": [Function],
  "queryAllByTestId": [Function],
  "queryAllByText": [Function],
  "queryAllByTitle": [Function],
  "queryByAltText": [Function],
  "queryByDisplayValue": [Function],
  "queryByLabelText": [Function],
  "queryByPlaceholderText": [Function],
  "queryByRole": [Function],
  "queryByTestId": [Function],
  "queryByText": [Function],
  "queryByTitle": [Function],
  "rerender": [Function],
  "unmount": [Function],
}
`;
